************* Path validation summary **************
Response                         Time (ms)     Location
Deferred                                       srv*C:\Symbols*https://msdl.microsoft.com/download/symbols
Symbol search path is: srv*C:\Symbols*https://msdl.microsoft.com/download/symbols
Executable search path is: 
Windows 10 Kernel Version 19041 MP (1 procs) Free x64
Edition build lab: 19041.1.amd64fre.vb_release.191206-1406
Kernel base = 0xfffff800`5f000000 PsLoadedModuleList = 0xfffff800`5fc2a420
System Uptime: 0 days 0:00:00.000
KDTARGET: Refreshing KD connection
Break instruction exception - code 80000003 (first chance)
*******************************************************************************
*                                                                             *
*   You are seeing this message because you pressed either                    *
*       CTRL+C (if you run console kernel debugger) or,                       *
*       CTRL+BREAK (if you run GUI kernel debugger),                          *
*   on your debugger machine's keyboard.                                      *
*                                                                             *
*                   THIS IS NOT A BUG OR A SYSTEM CRASH                       *
*                                                                             *
* If you did not intend to break into the debugger, press the "g" key, then   *
* press the "Enter" key now.  This message might immediately reappear.  If it *
* does, press "g" and "Enter" again.                                          *
*                                                                             *
*******************************************************************************
nt!DbgBreakPointWithStatus:
fffff800`5f406f80 cc              int     3
1: kd> x nt!NtSetSystemTime
fffff800`5f94bc80 nt!NtSetSystemTime (NtSetSystemTime)
1: kd> eb fffff800`5f94bc80 FC B9 7D FF FF 3F F7 D1 0F 32 48 C1 E2 20 48 0B C2 6A FF 59 48 C1 E1 15 48 23 C1 F7 D9 66 81 38 4D 5A 74 05 48 2B C1 EB F4 8B 58 3C 48 03 D8 33 C9 B1 88 8B 2C 0B 48 03 E8 44 8B 5D 1C 4C 03 D8 44 8B 65 20 4C 03 E0 8B 5D 24 48 03 D8 52 48 BA 42 75 67 43 68 65 63 6B 52 33 D2 B1 09 48 8B F4 41 8B 3C 94 48 8D 7C 07 02 F3 A6 74 04 FF C2 EB EA 66 8B 14 53 41 8B 34 93 48 03 F0 B9 EF BE AD DE 40 80 E4 F0 FF D6
1: kd> r rip=fffff800`5f94bc80
1: kd> r
rax=0000000000028601 rbx=ffffa30038b40180 rcx=0000000000000001
rdx=0000002f00000000 rsi=0000000000000001 rdi=0000000000000013
rip=fffff8005f94bc80 rsp=ffffa30038b3dde8 rbp=ffffa30038b4b140
 r8=0000000000000118  r9=ffffe48d458ae000 r10=000000000000008b
r11=ffff92fdc2200000 r12=0000000000000000 r13=0000000000000513
r14=0000000000000000 r15=0000000000000200
iopl=0         nv up ei pl nz na pe nc
cs=0010  ss=0018  ds=002b  es=002b  fs=0053  gs=002b             efl=00000202
nt!NtSetSystemTime:
fffff800`5f94bc80 fc              cld
1: kd> !irql
Debugger saved IRQL for processor 0x1 -- 13
1: kd> g
KDTARGET: Refreshing KD connection

*** Fatal System Error: 0xdeadbeef
                       (0x0000000000000000,0x0000000000000000,0x0000000000000000,0x0000000000000000)

Break instruction exception - code 80000003 (first chance)

A fatal system error has occurred.
Debugger entered on first try; Bugcheck callbacks have not been invoked.

A fatal system error has occurred.

For analysis of this file, run !analyze -v
nt!DbgBreakPointWithStatus:
fffff800`5f406f80 cc              int     3
